// Jest Snapshot v1, https://goo.gl/fbAQLP

exports[`Footer 1`] = `
.c1 {
  width: 100%;
  max-width: 1240px;
  height: 100%;
  padding: 0 10px;
  margin: 0 auto;
}

.c2 {
  display: -webkit-box;
  display: -webkit-flex;
  display: -ms-flexbox;
  display: flex;
  width: 100%;
  height: 100%;
  -webkit-align-items: center;
  -webkit-box-align: center;
  -ms-flex-align: center;
  align-items: center;
  -webkit-box-pack: center;
  -webkit-justify-content: center;
  -ms-flex-pack: center;
  justify-content: center;
}

.c0 {
  height: 120px;
  -webkit-flex: 0 0 auto;
  -ms-flex: 0 0 auto;
  flex: 0 0 auto;
  background-color: var(--footer-background-color);
}

<div>
  <footer
    class="c0"
  >
    <div
      class="c1"
    >
      <div
        class="c2"
      >
        <h1>
          Footer
        </h1>
      </div>
    </div>
  </footer>
</div>
`;
