// Jest Snapshot v1, https://goo.gl/fbAQLP

exports[`Navbar 1`] = `
.c6 {
  position: relative;
  display: inline-block;
  width: 40px;
  height: 20px;
  cursor: pointer;
}

.c7 {
  width: 0;
  height: 0;
  opacity: 0;
}

.c7:focus + span {
  box-shadow: 0 0 1px #2196f3;
}

.c7:checked + span {
  background-color: #2196f3;
}

.c7:checked + span::before {
  -webkit-transform: translateX(18px);
  -ms-transform: translateX(18px);
  transform: translateX(18px);
}

.c8 {
  position: absolute;
  top: 0;
  right: 0;
  bottom: 0;
  left: 0;
  border-radius: 34px;
  background-color: #cccccc;
  cursor: pointer;
  -webkit-transition: 0.2s;
  transition: 0.2s;
}

.c8::before {
  position: absolute;
  bottom: 3px;
  left: 4px;
  width: 14px;
  height: 14px;
  border-radius: 50%;
  background-color: #ffffff;
  content: "";
  -webkit-transition: 0.2s;
  transition: 0.2s;
}

.c4 {
  display: -webkit-box;
  display: -webkit-flex;
  display: -ms-flexbox;
  display: flex;
  -webkit-align-items: center;
  -webkit-box-align: center;
  -ms-flex-align: center;
  align-items: center;
  -webkit-box-pack: justify;
  -webkit-justify-content: space-between;
  -ms-flex-pack: justify;
  justify-content: space-between;
}

.c4 svg {
  width: 20px;
  height: 20px;
  margin: 0 15px;
}

.c9 {
  padding: 10px 20px;
  border: 1px solid #e0e3e7;
  border-radius: 10px;
  background: #ffffff;
  color: #3e5060;
}

.c9:hover {
  background: #f0f0f0;
}

.c0 {
  display: -webkit-box;
  display: -webkit-flex;
  display: -ms-flexbox;
  display: flex;
  -webkit-align-items: center;
  -webkit-box-align: center;
  -ms-flex-align: center;
  align-items: center;
}

.c1 {
  display: -webkit-box;
  display: -webkit-flex;
  display: -ms-flexbox;
  display: flex;
  padding: 0;
}

.c1 li + li {
  margin: 0 0 0 40px;
}

.c2 a {
  padding: 10px 20px;
  border-radius: 20px;
  background-color: #ffffff;
  font-weight: 700;
}

.c2 a:hover {
  color: #;
}

.c2.active a {
  background-color: #c0c0c0;
}

.c3 {
  padding: 10px 20px;
  border-radius: 20px;
  background-color: #ffffff;
}

.c5 {
  margin: 0 0 0 30px;
}

<div>
  <div
    class="c0"
  >
    <nav>
      <ul
        class="c1"
      >
        <li
          class="c2 active"
        >
          <a
            class="c3"
            href="/"
          >
            Home
          </a>
        </li>
        <li
          class="c2"
        >
          <a
            class="c3"
            href="/users"
          >
            Users
          </a>
        </li>
        <li
          class="c2"
        >
          <a
            class="c3"
            href="/posts"
          >
            Posts
          </a>
        </li>
        <li
          class="c2"
        >
          <a
            class="c3"
            href="/todos"
          >
            Todos
          </a>
        </li>
      </ul>
    </nav>
    <div
      class="c4 c5"
    >
      <svg
        fill="currentColor"
        height="1em"
        stroke="currentColor"
        stroke-width="0"
        viewBox="0 0 512 512"
        width="1em"
        xmlns="http://www.w3.org/2000/svg"
      >
        <path
          d="M256 48v48m0 320v48m147.08-355.08l-33.94 33.94M142.86 369.14l-33.94 33.94M464 256h-48m-320 0H48m355.08 147.08l-33.94-33.94M142.86 142.86l-33.94-33.94"
          fill="none"
          stroke-linecap="round"
          stroke-miterlimit="10"
          stroke-width="32"
        />
        <circle
          cx="256"
          cy="256"
          fill="none"
          r="80"
          stroke-linecap="round"
          stroke-miterlimit="10"
          stroke-width="32"
        />
      </svg>
      <label
        class="c6"
      >
        <input
          aria-label="switch"
          class="c7"
          type="checkbox"
        />
        <span
          class="c8"
        />
      </label>
      <svg
        fill="currentColor"
        height="1em"
        stroke="currentColor"
        stroke-width="0"
        viewBox="0 0 512 512"
        width="1em"
        xmlns="http://www.w3.org/2000/svg"
      >
        <path
          d="M256 118a22 22 0 01-22-22V48a22 22 0 0144 0v48a22 22 0 01-22 22zm0 368a22 22 0 01-22-22v-48a22 22 0 0144 0v48a22 22 0 01-22 22zm113.14-321.14a22 22 0 01-15.56-37.55l33.94-33.94a22 22 0 0131.11 31.11l-33.94 33.94a21.93 21.93 0 01-15.55 6.44zM108.92 425.08a22 22 0 01-15.55-37.56l33.94-33.94a22 22 0 1131.11 31.11l-33.94 33.94a21.94 21.94 0 01-15.56 6.45zM464 278h-48a22 22 0 010-44h48a22 22 0 010 44zm-368 0H48a22 22 0 010-44h48a22 22 0 010 44zm307.08 147.08a21.94 21.94 0 01-15.56-6.45l-33.94-33.94a22 22 0 0131.11-31.11l33.94 33.94a22 22 0 01-15.55 37.56zM142.86 164.86a21.89 21.89 0 01-15.55-6.44l-33.94-33.94a22 22 0 0131.11-31.11l33.94 33.94a22 22 0 01-15.56 37.55zM256 358a102 102 0 11102-102 102.12 102.12 0 01-102 102z"
        />
      </svg>
    </div>
    <button
      class="c9"
    >
      Русский
    </button>
    <button
      class="c9"
    >
      Английский
    </button>
  </div>
</div>
`;
