// Jest Snapshot v1, https://goo.gl/fbAQLP

exports[`Modal 1`] = `
.c0 {
  position: fixed;
  top: 0;
  left: 0;
  display: -webkit-box;
  display: -webkit-flex;
  display: -ms-flexbox;
  display: flex;
  width: 100vw;
  height: 100vh;
  -webkit-align-items: center;
  -webkit-box-align: center;
  -ms-flex-align: center;
  align-items: center;
  -webkit-box-pack: center;
  -webkit-justify-content: center;
  -ms-flex-pack: center;
  justify-content: center;
  background-color: rgba(0,0,0,0.8);
  opacity: 0;
  pointer-events: none;
  -webkit-transition: 0.5s;
  transition: 0.5s;
}

.c0.active {
  opacity: 1;
  pointer-events: all;
}

.c1 {
  position: relative;
  width: 800px;
  height: 600px;
  border: 1px solid #000000;
  border-radius: 20px;
  background-color: #ffffff;
}

.c2 {
  position: absolute;
  top: 12px;
  right: 10px;
  width: 30px;
  height: 30px;
  border: none;
  background: transparent;
}

.c2 svg {
  width: 20px;
  height: 20px;
}

<div>
  <div
    class="c0"
  >
    <div
      class="c1"
    >
      <button
        aria-label="modal-close"
        class="c2"
      >
        <svg
          fill="currentColor"
          height="1em"
          stroke="currentColor"
          stroke-width="0"
          viewBox="0 0 512 512"
          width="1em"
          xmlns="http://www.w3.org/2000/svg"
        >
          <path
            d="M448 256c0-106-86-192-192-192S64 150 64 256s86 192 192 192 192-86 192-192z"
            fill="none"
            stroke-miterlimit="10"
            stroke-width="32"
          />
          <path
            d="M320 320L192 192m0 128l128-128"
            fill="none"
            stroke-linecap="round"
            stroke-linejoin="round"
            stroke-width="32"
          />
        </svg>
      </button>
    </div>
  </div>
</div>
`;
