// Jest Snapshot v1, https://goo.gl/fbAQLP

exports[`Content 1`] = `
<div>
  <div
    class=""
  />
</div>
`;
