// Jest Snapshot v1, https://goo.gl/fbAQLP

exports[`Wrapper 1`] = `
.c0 {
  -webkit-box-flex: 1;
  -webkit-flex-grow: 1;
  -ms-flex-positive: 1;
  flex-grow: 1;
  background-color: #ffffff;
}

<div>
  <main
    class="c0"
  />
</div>
`;
