// Jest Snapshot v1, https://goo.gl/fbAQLP

exports[`Switch 1`] = `
.c0 {
  position: relative;
  display: inline-block;
  width: 40px;
  height: 20px;
  cursor: pointer;
}

.c1 {
  width: 0;
  height: 0;
  opacity: 0;
}

.c1:focus + span {
  box-shadow: 0 0 1px #2196f3;
}

.c1:checked + span {
  background-color: #2196f3;
}

.c1:checked + span::before {
  -webkit-transform: translateX(18px);
  -ms-transform: translateX(18px);
  transform: translateX(18px);
}

.c2 {
  position: absolute;
  top: 0;
  right: 0;
  bottom: 0;
  left: 0;
  border-radius: 34px;
  background-color: #cccccc;
  cursor: pointer;
  -webkit-transition: 0.2s;
  transition: 0.2s;
}

.c2::before {
  position: absolute;
  bottom: 3px;
  left: 4px;
  width: 14px;
  height: 14px;
  border-radius: 50%;
  background-color: #ffffff;
  content: "";
  -webkit-transition: 0.2s;
  transition: 0.2s;
}

<div>
  <label
    class="c0"
  >
    <input
      aria-label="switch"
      class="c1"
      type="checkbox"
    />
    <span
      class="c2"
    />
  </label>
</div>
`;
